// Jest Snapshot v1, https://goo.gl/fbAQLP

exports[`<Preview /> renders preview board and hand 1`] = `
.emotion-0u2j8te-Preview {
  display: -webkit-box;
  display: -webkit-flex;
  display: -ms-flexbox;
  display: flex;
  -webkit-flex-direction: column;
  -ms-flex-direction: column;
  flex-direction: column;
  -webkit-align-items: center;
  -webkit-box-align: center;
  -ms-flex-align: center;
  align-items: center;
  -webkit-box-flex: 1;
  -webkit-flex-grow: 1;
  -ms-flex-positive: 1;
  flex-grow: 1;
}

<div
  className="emotion-0"
>
  <PreviewBoard
    board={Object {}}
  />
  <PreviewHand
    hand={Array []}
  />
</div>
`;
