// Jest Snapshot v1, https://goo.gl/fbAQLP

exports[`useJoinGameForm has correct default state 1`] = `
{
  "error": "",
  "isJoiningGame": false,
  "onSubmit": [Function],
  "setUsername": [MockFunction setUsername],
  "username": "",
}
`;
