// Jest Snapshot v1, https://goo.gl/fbAQLP

exports[`<JoinGame /> renders properly 1`] = `
<CenteredLayout>
  <JoinGameForm />
</CenteredLayout>
`;
