// Jest Snapshot v1, https://goo.gl/fbAQLP

exports[`Routes renders properly 1`] = `
<Switch>
  <Route
    component={[Function]}
    exact={true}
    path="/"
  />
  <Route
    component={[Function]}
    exact={true}
    path="/game"
  />
  <Route
    component={[Function]}
  />
</Switch>
`;
