// Jest Snapshot v1, https://goo.gl/fbAQLP

exports[`<NotFound /> renders not found header 1`] = `
<CenteredLayout>
  <Heading
    as="h1"
    textAlign="center"
  >
    404: Page Not Found
  </Heading>
</CenteredLayout>
`;
