// Jest Snapshot v1, https://goo.gl/fbAQLP

exports[`<LazyHand /> renders properly 1`] = `
<Suspense
  fallback="Loading"
>
  Loading
</Suspense>
`;
